// Vitest Snapshot v1

exports[`NavigationBar 1`] = `
"<header data-v-b6fd85b8=\\"\\">
  <nav class=\\"header\\" data-v-b6fd85b8=\\"\\">
    <div class=\\"nav-wrapper\\" data-v-b6fd85b8=\\"\\">
      <div class=\\"logo\\" data-v-b6fd85b8=\\"\\"><a href=\\"/\\" class=\\"\\" data-v-b6fd85b8=\\"\\"><svg xmlns=\\"http://www.w3.org/2000/svg\\" class=\\"h-6 w-6\\" fill=\\"none\\" viewBox=\\"0 0 24 24\\" stroke=\\"currentColor\\" stroke-width=\\"2\\" data-v-b6fd85b8=\\"\\">
            <path stroke-linecap=\\"round\\" stroke-linejoin=\\"round\\" d=\\"M13 10V3L4 14h7v7l9-11h-7z\\" data-v-b6fd85b8=\\"\\"></path>
          </svg></a></div><button class=\\"btn-menu\\" type=\\"button\\" aria-expanded=\\"false\\" aria-controls=\\"menu\\" aria-label=\\"open mobile nav\\" data-v-b6fd85b8=\\"\\"><svg xmlns=\\"http://www.w3.org/2000/svg\\" width=\\"24\\" fill=\\"none\\" viewBox=\\"0 0 24 24\\" stroke=\\"currentColor\\" stroke-width=\\"2\\" data-v-b6fd85b8=\\"\\">
          <path stroke-linecap=\\"round\\" stroke-linejoin=\\"round\\" d=\\"M4 6h16M4 12h16M4 18h16\\" data-v-b6fd85b8=\\"\\"></path>
        </svg></button>
      <ul id=\\"menu\\" class=\\"nav-links\\" role=\\"menubar\\" data-v-b6fd85b8=\\"\\">
        <li role=\\"none\\" data-v-b6fd85b8=\\"\\"><a href=\\"/\\" class=\\"nav-link\\" role=\\"menuitem\\" data-v-b6fd85b8=\\"\\">Home</a></li>
        <li role=\\"none\\" data-v-b6fd85b8=\\"\\"><a href=\\"/dashboard\\" class=\\"nav-link\\" role=\\"menuitem\\" data-v-b6fd85b8=\\"\\">Your Data</a></li>
        <li role=\\"none\\" data-v-b6fd85b8=\\"\\"><button role=\\"switch\\" class=\\"theme-switch\\" data-v-b6fd85b8=\\"\\"><svg xmlns=\\"http://www.w3.org/2000/svg\\" class=\\"h-6 w-6\\" fill=\\"none\\" viewBox=\\"0 0 24 24\\" stroke=\\"currentColor\\" stroke-width=\\"2\\" data-v-b6fd85b8=\\"\\">
              <path stroke-linecap=\\"round\\" stroke-linejoin=\\"round\\" d=\\"M20.354 15.354A9 9 0 018.646 3.646 9.003 9.003 0 0012 21a9.003 9.003 0 008.354-5.646z\\" data-v-b6fd85b8=\\"\\"></path>
            </svg></button></li>
        <li role=\\"none\\" data-v-b6fd85b8=\\"\\"><a href=\\"#\\" role=\\"menuitem\\" class=\\"nav-link github\\" data-v-b6fd85b8=\\"\\"><svg width=\\"24\\" height=\\"24\\" fill=\\"currentColor\\" data-v-b6fd85b8=\\"\\">
              <path fill-rule=\\"evenodd\\" clip-rule=\\"evenodd\\" d=\\"M12 2C6.477 2 2 6.463 2 11.97c0 4.404 2.865 8.14 6.839 9.458.5.092.682-.216.682-.48 0-.236-.008-.864-.013-1.695-2.782.602-3.369-1.337-3.369-1.337-.454-1.151-1.11-1.458-1.11-1.458-.908-.618.069-.606.069-.606 1.003.07 1.531 1.027 1.531 1.027.892 1.524 2.341 1.084 2.91.828.092-.643.35-1.083.636-1.332-2.22-.251-4.555-1.107-4.555-4.927 0-1.088.39-1.979 1.029-2.675-.103-.252-.446-1.266.098-2.638 0 0 .84-.268 2.75 1.022A9.606 9.606 0 0112 6.82c.85.004 1.705.114 2.504.336 1.909-1.29 2.747-1.022 2.747-1.022.546 1.372.202 2.386.1 2.638.64.696 1.028 1.587 1.028 2.675 0 3.83-2.339 4.673-4.566 4.92.359.307.678.915.678 1.846 0 1.332-.012 2.407-.012 2.734 0 .267.18.577.688.48C19.137 20.107 22 16.373 22 11.969 22 6.463 17.522 2 12 2z\\" data-v-b6fd85b8=\\"\\"></path>
            </svg> Login </a></li>
      </ul>
    </div>
  </nav>
</header>"
`;

exports[`mount ChartBar 1`] = `"<div class=\\"\\"><canvas id=\\"bar-chart\\" width=\\"400\\" height=\\"400\\"></canvas></div>"`;

exports[`mount ChartLine 1`] = `"<div class=\\"\\"><canvas id=\\"line-chart\\" width=\\"400\\" height=\\"400\\"></canvas></div>"`;

exports[`mount FooterComponent 1`] = `"<footer data-v-7490b180=\\"\\"><small data-v-7490b180=\\"\\"> Made with ❤️ by <a href=\\"https://github.com/mayronH\\" data-v-7490b180=\\"\\">mayronH</a> 2022</small></footer>"`;

exports[`mount LoadingComponent 1`] = `"<div class=\\"loading\\" data-v-9770a80b=\\"\\"><span data-v-9770a80b=\\"\\"></span></div>"`;
